To honour the JVM settings for this build a single-use Daemon process will be forked. For more on this, please refer to https://docs.gradle.org/9.7.1/userguide/gradle_daemon.html#sec:disabling_the_daemon in the Gradle documentation.
Daemon will be stopped at the end of the build 

> Configure project :
Fabric Loom: 1.18.2

> Task :compileJava UP-TO-DATE
> Task :processResources
> Task :classes
> Task :processIncludeJars UP-TO-DATE
> Task :jar
> Task :sourcesJar
> Task :assemble
> Task :compileTestJava NO-SOURCE
> Task :processTestResources NO-SOURCE
> Task :testClasses UP-TO-DATE
> Task :test NO-SOURCE
> Task :validateAccessWidener
> Task :check
> Task :build

BUILD SUCCESSFUL in 20s
6 actionable tasks: 4 executed, 2 up-to-date
